src/components/ai/UnifiedAssistant.tsx(312,46): error TS18048: 'analysis.actions' is possibly 'undefined'.
src/components/ai/UnifiedAssistant.tsx(324,105): error TS2339: Property 'analysis' does not exist on type 'AIResponse'.
src/components/ard/ARDCollectionManager.tsx(113,115): error TS2322: Type 'string | undefined' is not assignable to type 'string | number'.
  Type 'undefined' is not assignable to type 'string | number'.
src/components/ard/ARDSaleConversionModal.tsx(65,55): error TS2345: Argument of type '{ description: () => never; quantity: number; unit_price: number; line_total: number; taxable: boolean; }[]' is not assignable to parameter of type 'Partial<InvoiceItem>[]'.
  Type '{ description: () => never; quantity: number; unit_price: number; line_total: number; taxable: boolean; }' is not assignable to type 'Partial<InvoiceItem>'.
    Types of property 'description' are incompatible.
      Type '() => never' is not assignable to type 'string'.
src/components/ard/ARDSaleConversionModal.tsx(197,33): error TS2322: Type '() => never' is not assignable to type 'string | number | readonly string[] | undefined'.
src/components/ard/ARDSaleConversionModal.tsx(198,65): error TS2345: Argument of type 'string' is not assignable to parameter of type 'SetStateAction<() => never>'.
src/components/auth/GoogleLoginButton.tsx(75,17): error TS2322: Type '{ onSuccess: (credentialResponse: CredentialResponse) => void; onError: () => void; theme: "filled_black"; size: "large"; text: "signin_with"; shape: "rectangular"; logo_alignment: "left"; width: string; prompt: string; }' is not assignable to type 'IntrinsicAttributes & { onSuccess: (credentialResponse: CredentialResponse) => void; onError?: (() => void) | undefined; promptMomentNotification?: MomentListener | undefined; useOneTap?: boolean | undefined; containerProps?: Omit<...> | undefined; } & Omit<...> & GsiButtonConfiguration'.
  Property 'prompt' does not exist on type 'IntrinsicAttributes & { onSuccess: (credentialResponse: CredentialResponse) => void; onError?: (() => void) | undefined; promptMomentNotification?: MomentListener | undefined; useOneTap?: boolean | undefined; containerProps?: Omit<...> | undefined; } & Omit<...> & GsiButtonConfiguration'.
src/components/auth/LoginForm.tsx(85,35): error TS2322: Type '{ variant: string; }' is not assignable to type 'IntrinsicAttributes'.
  Property 'variant' does not exist on type 'IntrinsicAttributes'.
src/components/dashboards/InventoryDashboard.tsx(111,26): error TS2538: Type 'undefined' cannot be used as an index type.
src/components/dashboards/InventoryDashboard.tsx(111,48): error TS2538: Type 'undefined' cannot be used as an index type.
src/components/dashboards/InventoryDashboard.tsx(112,21): error TS2538: Type 'undefined' cannot be used as an index type.
src/components/dashboards/InventoryDashboard.tsx(113,21): error TS2538: Type 'undefined' cannot be used as an index type.
src/components/dashboards/PayrollDashboard.tsx(181,67): error TS2322: Type '{ dataKey: string; stroke: string; fontSize: number; fontWeights: string; axisLine: false; tickLine: false; dy: number; }' is not assignable to type 'IntrinsicAttributes & Omit<PresentationAttributesAdaptChildEvent<any, SVGElement>, "ref" | "scale"> & XAxisProps'.
  Property 'fontWeights' does not exist on type 'IntrinsicAttributes & Omit<PresentationAttributesAdaptChildEvent<any, SVGElement>, "ref" | "scale"> & XAxisProps'. Did you mean 'fontWeight'?
src/components/dashboards/PayrollDashboard.tsx(182,52): error TS2322: Type '{ stroke: string; fontSize: number; fontWeights: string; axisLine: false; tickLine: false; tickFormatter: (v: any) => string; }' is not assignable to type 'IntrinsicAttributes & Omit<PresentationAttributesAdaptChildEvent<any, SVGElement>, "ref" | "scale"> & YAxisProps'.
  Property 'fontWeights' does not exist on type 'IntrinsicAttributes & Omit<PresentationAttributesAdaptChildEvent<any, SVGElement>, "ref" | "scale"> & YAxisProps'. Did you mean 'fontWeight'?
src/components/dashboards/PayrollDashboard.tsx(197,68): error TS2322: Type '{ dataKey: string; stroke: string; fontSize: number; fontWeights: string; axisLine: false; tickLine: false; dy: number; }' is not assignable to type 'IntrinsicAttributes & Omit<PresentationAttributesAdaptChildEvent<any, SVGElement>, "ref" | "scale"> & XAxisProps'.
  Property 'fontWeights' does not exist on type 'IntrinsicAttributes & Omit<PresentationAttributesAdaptChildEvent<any, SVGElement>, "ref" | "scale"> & XAxisProps'. Did you mean 'fontWeight'?
src/components/dashboards/PayrollDashboard.tsx(198,52): error TS2322: Type '{ stroke: string; fontSize: number; fontWeights: string; axisLine: false; tickLine: false; tickFormatter: (v: any) => string; }' is not assignable to type 'IntrinsicAttributes & Omit<PresentationAttributesAdaptChildEvent<any, SVGElement>, "ref" | "scale"> & YAxisProps'.
  Property 'fontWeights' does not exist on type 'IntrinsicAttributes & Omit<PresentationAttributesAdaptChildEvent<any, SVGElement>, "ref" | "scale"> & YAxisProps'. Did you mean 'fontWeight'?
src/components/elite/index.ts(20,15): error TS2459: Module '"./EliteTable"' declares 'EliteTableColumn' locally, but it is not exported.
src/components/FinancialDashboardPanel.tsx(28,21): error TS2614: Module '"../services/IAService"' has no exported member 'IAResponse'. Did you mean to use 'import IAResponse from "../services/IAService"' instead?
src/components/FinancialDashboardPanel.tsx(92,39): error TS2345: Argument of type 'string[] | undefined' is not assignable to parameter of type 'string[]'.
  Type 'undefined' is not assignable to type 'string[]'.
src/components/FinancialDashboardPanel.tsx(94,9): error TS2322: Type 'string[] | undefined' is not assignable to type 'string[]'.
  Type 'undefined' is not assignable to type 'string[]'.
src/components/payroll/PayrollProcessor.tsx(50,16): error TS2339: Property 'locale' does not exist on type '{ t: <T = string>(key: string, params?: Record<string, string | number> | undefined) => T; language: Language; }'.
src/contexts/AuthContext.tsx(182,21): error TS1117: An object literal cannot have multiple properties with the same name.
